Modules list:
-------------
ferris.o:
    CODE              Offs=000000  Size=00011B  Align=00001  Fill=0000
    RODATA            Offs=000000  Size=000041  Align=00001  Fill=0000
    BSS               Offs=000000  Size=000101  Align=00001  Fill=0000
    ZEROPAGE          Offs=000000  Size=000008  Align=00001  Fill=0000
    VIA               Offs=000000  Size=000004  Align=00001  Fill=0000
    ACIA              Offs=000000  Size=000004  Align=00001  Fill=0000
    VECTORS           Offs=000000  Size=000006  Align=00001  Fill=0000


Segment list:
-------------
Name                   Start     End    Size  Align
----------------------------------------------------
ZEROPAGE              000000  000007  000008  00001
BSS                   000200  000300  000101  00001
VIA                   008000  008003  000004  00001
ACIA                  008010  008013  000004  00001
CODE                  00C000  00C11A  00011B  00001
RODATA                00C11B  00C15B  000041  00001
VECTORS               00FFFA  00FFFF  000006  00001


Exports list by name:
---------------------



Exports list by value:
----------------------



Imports list:
-------------

